<html>
<body>
<pre>
<h1>µVision Build Log</h1>
<h2>Tool Versions:</h2>
IDE-Version: µVision V5.38.0.0
Copyright (C) 2022 ARM Ltd and ARM Germany GmbH. All rights reserved.
License Information: farid mfi-45219, NA, LIC=----
 
Tool Versions:
Toolchain:       MDK-Lite  Version: 5.38.0.0
Toolchain Path:  C:\Keil_v5\ARM\ARMCLANG\Bin
C Compiler:      ArmClang.exe V6.19
Assembler:       Armasm.exe V6.19
Linker/Locator:  ArmLink.exe V6.19
Library Manager: ArmAr.exe V6.19
Hex Converter:   FromElf.exe V6.19
CPU DLL:         SARMCM3.DLL V5.38.0.0
Dialog DLL:      DCM.DLL V1.17.5.0
Target DLL:      STLink\ST-LINKIII-KEIL_SWO.dll V3.1.0.0
Dialog DLL:      TCM.DLL V1.56.4.0
 
<h2>Project:</h2>
E:\Embedded Projects\Running\Keil Projects\STM32F303RE_WS2812_RGB\stm32f303re_ws2812_rgb.uvprojx
Project File Date:  12/28/2023

<h2>Output:</h2>
*** Using Compiler 'V6.19', folder: 'C:\Keil_v5\ARM\ARMCLANG\Bin'
Rebuild target 'Target 1'
pll.c(3): warning: In file included from...
C:/Users/EED-R&I/AppData/Local/Arm/Packs/Keil/STM32F3xx_DFP/2.2.2/Drivers/CMSIS/Device/ST/STM32F3xx/Include\stm32f303xe.h(152): warning: commas at the end of enumerator lists are a C99-specific feature [-Wc99-extensions]
  SPI4_IRQn                   = 84,     /*!< SPI4 global Interrupt                                             */   
                                  ^~
1 warning generated.
compiling pll.c...
assembling startup_stm32f303xe.s...
tim17.c(2): warning: In file included from...
C:/Users/EED-R&I/AppData/Local/Arm/Packs/Keil/STM32F3xx_DFP/2.2.2/Drivers/CMSIS/Device/ST/STM32F3xx/Include\stm32f303xe.h(152): warning: commas at the end of enumerator lists are a C99-specific feature [-Wc99-extensions]
  SPI4_IRQn                   = 84,     /*!< SPI4 global Interrupt                                             */   
                                  ^~
1 warning generated.
compiling tim17.c...
RTE/Device/STM32F303RETx/system_stm32f3xx.c(70): warning: In file included from...
C:/Users/EED-R&I/AppData/Local/Arm/Packs/Keil/STM32F3xx_DFP/2.2.2/Drivers/CMSIS/Device/ST/STM32F3xx/Include\stm32f3xx.h(11): warning: invalid UTF-8 in comment [-Winvalid-utf8]
  *              - To use or not the peripheral<92>s drivers in application code(i.e. 
                                               ^
C:/Users/EED-R&I/AppData/Local/Arm/Packs/Keil/STM32F3xx_DFP/2.2.2/Drivers/CMSIS/Device/ST/STM32F3xx/Include\stm32f3xx.h(12): warning: invalid UTF-8 in comment [-Winvalid-utf8]
  *                code will be based on direct access to peripheral<92>s registers 
                                                                    ^
RTE/Device/STM32F303RETx/system_stm32f3xx.c(70): warning: In file included from...
C:/Users/EED-R&I/AppData/Local/Arm/Packs/Keil/STM32F3xx_DFP/2.2.2/Drivers/CMSIS/Device/ST/STM32F3xx/Include\stm32f3xx.h(138): warning: In file included from...
C:/Users/EED-R&I/AppData/Local/Arm/Packs/Keil/STM32F3xx_DFP/2.2.2/Drivers/CMSIS/Device/ST/STM32F3xx/Include/stm32f303xe.h(152): warning: commas at the end of enumerator lists are a C99-specific feature [-Wc99-extensions]
  SPI4_IRQn                   = 84,     /*!< SPI4 global Interrupt                                             */   
                                  ^~
3 warnings generated.
compiling system_stm32f3xx.c...
ws2812b.c(3): warning: In file included from...
C:/Users/EED-R&I/AppData/Local/Arm/Packs/Keil/STM32F3xx_DFP/2.2.2/Drivers/CMSIS/Device/ST/STM32F3xx/Include\stm32f303xe.h(152): warning: commas at the end of enumerator lists are a C99-specific feature [-Wc99-extensions]
  SPI4_IRQn                   = 84,     /*!< SPI4 global Interrupt                                             */   
                                  ^~
1 warning generated.
compiling ws2812b.c...
main.c(2): warning: In file included from...
C:/Users/EED-R&I/AppData/Local/Arm/Packs/Keil/STM32F3xx_DFP/2.2.2/Drivers/CMSIS/Device/ST/STM32F3xx/Include\stm32f303xe.h(152): warning: commas at the end of enumerator lists are a C99-specific feature [-Wc99-extensions]
  SPI4_IRQn                   = 84,     /*!< SPI4 global Interrupt                                             */   
                                  ^~
main.c(18): warning: // comments are not allowed in this language [-Wcomment]
                //WS2812B_Data_Bit(0);
                ^
main.c(10): warning: mixing declarations and code is a C99 extension [-Wdeclaration-after-statement]
        uint32_t i;
                 ^
3 warnings generated.
compiling main.c...
linking...
Program Size: Code=1260 RO-data=420 RW-data=0 ZI-data=1632  
".\Objects\stm32f303re_ws2812_rgb.axf" - 0 Error(s), 9 Warning(s).

<h2>Software Packages used:</h2>

Package Vendor: ARM
                http://www.keil.com/pack/ARM.CMSIS.5.9.0.pack
                ARM.CMSIS.5.9.0
                CMSIS (Common Microcontroller Software Interface Standard)
   * Component: CORE Version: 5.6.0

Package Vendor: Keil
                http://www.keil.com/pack/Keil.STM32F3xx_DFP.2.2.2.pack
                Keil.STM32F3xx_DFP.2.2.2
                STMicroelectronics STM32F3 Series Device Support and Examples
   * Component: Startup Version: 1.11.3

<h2>Collection of Component include folders:</h2>
  ./RTE/_Target_1
  C:/Users/EED-R&I/AppData/Local/Arm/Packs/ARM/CMSIS/5.9.0/CMSIS/Core/Include
  C:/Users/EED-R&I/AppData/Local/Arm/Packs/Keil/STM32F3xx_DFP/2.2.2/Drivers/CMSIS/Device/ST/STM32F3xx/Include

<h2>Collection of Component Files used:</h2>

   * Component: ARM::CMSIS:CORE:5.6.0

   * Component: Keil.Standalone::Device:Startup:1.11.3
      Include file:  Drivers/CMSIS/Device/ST/STM32F3xx/Include/stm32f3xx.h
      Source file:   Drivers/CMSIS/Device/ST/STM32F3xx/Source/Templates/arm/startup_stm32f303xe.s
      Source file:   Drivers/CMSIS/Device/ST/STM32F3xx/Source/Templates/system_stm32f3xx.c
      Source file:   MDK/Device/Source/ARM/STM32F3xx_OPT.s
Build Time Elapsed:  00:00:01
</pre>
</body>
</html>
